// Jest Snapshot v1, https://goo.gl/fbAQLP

exports[`Pruebas en nuestro componente <GifGrid/> el componente se debe renderizar 1`] = `
<div>
  <p>
    Loading 
  </p>
</div>
`;
