// Jest Snapshot v1, https://goo.gl/fbAQLP

exports[`Pruebas en <GifGridItem /> El componente debe renderizar 1`] = `
<div>
  <div
    class="card"
  >
    <img
      alt="Goku"
      src="https://localhost.com/goku.jpg"
    />
    <p>
       
      Goku
       
    </p>
  </div>
</div>
`;
