// Jest Snapshot v1, https://goo.gl/fbAQLP

exports[`Pruebas en <First /> debe hacer match con el snapshot 1`] = `
<div>
  <h1
    data-testid="test-title"
  >
    Hola soy goku
  </h1>
  <h2>
    Goku
  </h2>
  <h2>
    28
  </h2>
  <h2>
    Esteban Lepe
  </h2>
</div>
`;
